Archive member included to satisfy reference by file (symbol)

libc.a(start.o)               (_start)
libc.a(init.o)                libc.a(start.o) (__init)
libc.a(mem_alloc.o)           malloc_test.o (my_malloc)
libc.a(stdio.o)               libc.a(init.o) (console)
libc.a(console.o)             libc.a(stdio.o) (Console::vprintf(char const*, char*))
libc.a(console_kernel.o)      libc.a(stdio.o) (vtable for Console_kernel)

Discarded input sections

 .group         0x00000000        0x8 malloc_test.o
 .data          0x00000000        0x0 malloc_test.o
 .bss           0x00000000        0x0 malloc_test.o
 .note.GNU-stack
                0x00000000        0x0 malloc_test.o
 .eh_frame      0x00000000       0x50 malloc_test.o
 .data          0x00000000        0x0 libc.a(start.o)
 .bss           0x00000000        0x0 libc.a(start.o)
 .note.GNU-stack
                0x00000000        0x0 libc.a(start.o)
 .group         0x00000000        0x8 libc.a(init.o)
 .data          0x00000000        0x0 libc.a(init.o)
 .bss           0x00000000        0x0 libc.a(init.o)
 .text.__x86.get_pc_thunk.bx
                0x00000000        0x4 libc.a(init.o)
 .note.GNU-stack
                0x00000000        0x0 libc.a(init.o)
 .eh_frame      0x00000000       0x58 libc.a(init.o)
 .group         0x00000000        0x8 libc.a(mem_alloc.o)
 .data          0x00000000        0x0 libc.a(mem_alloc.o)
 .bss           0x00000000        0x0 libc.a(mem_alloc.o)
 .text.__x86.get_pc_thunk.bx
                0x00000000        0x4 libc.a(mem_alloc.o)
 .note.GNU-stack
                0x00000000        0x0 libc.a(mem_alloc.o)
 .eh_frame      0x00000000       0x64 libc.a(mem_alloc.o)
 .group         0x00000000        0x8 libc.a(stdio.o)
 .group         0x00000000        0xc libc.a(stdio.o)
 .group         0x00000000        0x8 libc.a(stdio.o)
 .group         0x00000000        0x8 libc.a(stdio.o)
 .data          0x00000000        0x0 libc.a(stdio.o)
 .text.__x86.get_pc_thunk.bx
                0x00000000        0x4 libc.a(stdio.o)
 .note.GNU-stack
                0x00000000        0x0 libc.a(stdio.o)
 .eh_frame      0x00000000       0xe0 libc.a(stdio.o)
 .group         0x00000000        0x8 libc.a(console.o)
 .group         0x00000000        0x8 libc.a(console.o)
 .group         0x00000000        0x8 libc.a(console.o)
 .data          0x00000000        0x0 libc.a(console.o)
 .bss           0x00000000        0x0 libc.a(console.o)
 .text.__x86.get_pc_thunk.ax
                0x00000000        0x4 libc.a(console.o)
 .note.GNU-stack
                0x00000000        0x0 libc.a(console.o)
 .eh_frame      0x00000000       0xfc libc.a(console.o)
 .group         0x00000000        0xc libc.a(console_kernel.o)
 .data          0x00000000        0x0 libc.a(console_kernel.o)
 .bss           0x00000000        0x0 libc.a(console_kernel.o)
 .note.GNU-stack
                0x00000000        0x0 libc.a(console_kernel.o)
 .eh_frame      0x00000000       0x58 libc.a(console_kernel.o)

Memory Configuration

Name             Origin             Length             Attributes
*default*        0x00000000         0xffffffff

Linker script and memory map

                0xc0000000                        stack_top = 0xc0000000
                0x00001000                        . = 0x1000
                0x00001074                        . = (. + SIZEOF_HEADERS)

.text           0x00001080      0x73e
 *(.text*)
 .text          0x00001080       0x33 malloc_test.o
                0x00001080                main
 .text.__x86.get_pc_thunk.bx
                0x000010b3        0x4 malloc_test.o
                0x000010b3                __x86.get_pc_thunk.bx
 .text          0x000010b7       0x11 libc.a(start.o)
                0x000010b7                _start
 .text          0x000010c8       0x55 libc.a(init.o)
                0x000010c8                __init
 .text          0x0000111d       0x5a libc.a(mem_alloc.o)
                0x0000111d                my_malloc
                0x0000114a                my_free
 .text          0x00001177       0xeb libc.a(stdio.o)
                0x000011ad                panic
                0x000011de                __printf
                0x000011de                printf
                0x00001233                puts
                0x0000125a                __cxa_pure_virtual
 .text._ZN8Spinlock4lockEv
                0x00001262       0x19 libc.a(stdio.o)
                0x00001262                Spinlock::lock()
 .text.__x86.get_pc_thunk.ax
                0x0000127b        0x4 libc.a(stdio.o)
                0x0000127b                __x86.get_pc_thunk.ax
 *fill*         0x0000127f        0x1 
 .text          0x00001280      0x47a libc.a(console.o)
                0x00001280                Console::print_number(unsigned long long, unsigned int, unsigned int, unsigned int)
                0x00001442                Console::vprintf(char const*, char*)
 .text._ZN7Console9print_strEPKcjj
                0x000016fa       0x62 libc.a(console.o)
                0x000016fa                Console::print_str(char const*, unsigned int, unsigned int)
 .text.__x86.get_pc_thunk.di
                0x0000175c        0x4 libc.a(console.o)
                0x0000175c                __x86.get_pc_thunk.di
 .text          0x00001760       0x5e libc.a(console_kernel.o)
                0x00001788                Console_kernel::putc(int)

.iplt           0x000017be        0x0
 .iplt          0x000017be        0x0 malloc_test.o

.eh_frame_hdr   0x000017c0        0x0
 .eh_frame_hdr  0x000017c0        0x0 malloc_test.o

.rel.dyn        0x000017c0        0x0
 .rel.got       0x000017c0        0x0 malloc_test.o
 .rel.iplt      0x000017c0        0x0 malloc_test.o
 .rel.text      0x000017c0        0x0 malloc_test.o
 .rel.data.rel.ro._ZTV7Console
                0x000017c0        0x0 malloc_test.o

.init_array     0x000017c0      0x840
                0x000017c0                        PROVIDE (CTORS_L = .)
 *(.init_array.65534 .ctors.00001)
                0x000017c0                        PROVIDE (CTORS_G = .)
 *(.init_array.* .ctors.*)
 .init_array.00101
                0x000017c0        0x4 libc.a(stdio.o)
 *(.init_array .ctors)
                0x000017c4                        PROVIDE (CTORS_E = .)
                0x00002000                        . = ALIGN (0x1000)
 *fill*         0x000017c4      0x83c 
                0x00002000                        . = ALIGN (0x1000)

.data           0x00002000      0x1b8
                0x00002000        0x1 BYTE 0x42
 *(.rodata*)
 .rodata.str1.1
                0x00002001       0x47 libc.a(mem_alloc.o)
                                 0x32 (size before relaxing)
 .rodata.str1.1
                0x00002048        0x4 libc.a(stdio.o)
 .rodata.str1.1
                0x00002048       0x11 libc.a(console.o)
 .rodata        0x00002048      0x158 libc.a(console.o)
 *(.data*)
 .data.rel.ro._ZTV7Console
                0x000021a0        0xc libc.a(stdio.o)
                0x000021a0                vtable for Console
 .data.rel.ro.local._ZTV14Console_kernel
                0x000021ac        0xc libc.a(console_kernel.o)
                0x000021ac                vtable for Console_kernel

.got            0x000021b8        0x0
 .got           0x000021b8        0x0 malloc_test.o

.got.plt        0x000021b8        0xc
 .got.plt       0x000021b8        0xc malloc_test.o
                0x000021b8                _GLOBAL_OFFSET_TABLE_

.igot.plt       0x000021c4        0x0
 .igot.plt      0x000021c4        0x0 malloc_test.o

.bss            0x000021e0       0x90
 *(.bss*)
 .bss           0x000021e0       0x90 libc.a(stdio.o)
                0x000021e0                printf_lock
                0x00002200                console
                [!provide]                        PROVIDE (BSS_E = .)

.stab
 *(.stab)

.stabstr
 *(.stabstr)

.stab.excl
 *(.stab.excl)

.stab.exclstr
 *(.stab.exclstr)

.stab.index
 *(.stab.index)

.stab.indexstr
 *(.stab.indexstr)

.comment        0x00000000       0x25
 *(.comment)
 .comment       0x00000000       0x25 malloc_test.o
                                 0x26 (size before relaxing)
 .comment       0x00000025       0x26 libc.a(init.o)
 .comment       0x00000025       0x26 libc.a(mem_alloc.o)
 .comment       0x00000025       0x26 libc.a(stdio.o)
 .comment       0x00000025       0x26 libc.a(console.o)
 .comment       0x00000025       0x26 libc.a(console_kernel.o)

.debug
 *(.debug)

.line
 *(.line)

.debug_srcinfo
 *(.debug_srcinfo)

.debug_sfnames
 *(.debug_sfnames)

.debug_aranges  0x00000000       0xf0
 *(.debug_aranges)
 .debug_aranges
                0x00000000       0x20 malloc_test.o
 .debug_aranges
                0x00000020       0x20 libc.a(start.o)
 .debug_aranges
                0x00000040       0x20 libc.a(init.o)
 .debug_aranges
                0x00000060       0x20 libc.a(mem_alloc.o)
 .debug_aranges
                0x00000080       0x28 libc.a(stdio.o)
 .debug_aranges
                0x000000a8       0x28 libc.a(console.o)
 .debug_aranges
                0x000000d0       0x20 libc.a(console_kernel.o)

.debug_pubnames
 *(.debug_pubnames)

.debug_info     0x00000000     0x1442
 *(.debug_info .gnu.linkonce.wi.*)
 .debug_info    0x00000000       0xab malloc_test.o
 .debug_info    0x000000ab       0x24 libc.a(start.o)
 .debug_info    0x000000cf      0x16b libc.a(init.o)
 .debug_info    0x0000023a       0xba libc.a(mem_alloc.o)
 .debug_info    0x000002f4      0x7f9 libc.a(stdio.o)
 .debug_info    0x00000aed      0x634 libc.a(console.o)
 .debug_info    0x00001121      0x321 libc.a(console_kernel.o)

.debug_abbrev   0x00000000      0xab9
 *(.debug_abbrev)
 .debug_abbrev  0x00000000       0x9a malloc_test.o
 .debug_abbrev  0x0000009a       0x14 libc.a(start.o)
 .debug_abbrev  0x000000ae       0xf9 libc.a(init.o)
 .debug_abbrev  0x000001a7       0x84 libc.a(mem_alloc.o)
 .debug_abbrev  0x0000022b      0x404 libc.a(stdio.o)
 .debug_abbrev  0x0000062f      0x27a libc.a(console.o)
 .debug_abbrev  0x000008a9      0x210 libc.a(console_kernel.o)

.debug_line     0x00000000      0x7ec
 *(.debug_line .debug_line.* .debug_line_end)
 .debug_line    0x00000000       0x60 malloc_test.o
 .debug_line    0x00000060       0x4a libc.a(start.o)
 .debug_line    0x000000aa       0xda libc.a(init.o)
 .debug_line    0x00000184       0x66 libc.a(mem_alloc.o)
 .debug_line    0x000001ea      0x161 libc.a(stdio.o)
 .debug_line    0x0000034b      0x3ee libc.a(console.o)
 .debug_line    0x00000739       0xb3 libc.a(console_kernel.o)

.debug_frame
 *(.debug_frame)

.debug_str      0x00000000      0x74f
 *(.debug_str)
 .debug_str     0x00000000      0x74f malloc_test.o
                                 0xb5 (size before relaxing)
 .debug_str     0x0000074f       0x85 libc.a(start.o)
 .debug_str     0x0000074f      0x189 libc.a(init.o)
 .debug_str     0x0000074f       0xcc libc.a(mem_alloc.o)
 .debug_str     0x0000074f      0x57c libc.a(stdio.o)
 .debug_str     0x0000074f      0x2ca libc.a(console.o)
 .debug_str     0x0000074f      0x29e libc.a(console_kernel.o)

.debug_loc
 *(.debug_loc)

.debug_macinfo
 *(.debug_macinfo)

.debug_weaknames
 *(.debug_weaknames)

.debug_funcnames
 *(.debug_funcnames)

.debug_typenames
 *(.debug_typenames)

.debug_varnames
 *(.debug_varnames)

.debug_pubtypes
 *(.debug_pubtypes)

.debug_ranges
 *(.debug_ranges)

.debug_macro
 *(.debug_macro)

.debug_addr
 *(.debug_addr)

.gnu.attributes
 *(.gnu.attributes)

/DISCARD/
 *(.note.GNU-stack)
 *(.gnu_debuglink)
 *(.gnu.lto_*)
LOAD malloc_test.o
LOAD libc.a
OUTPUT(malloc_test elf32-i386)

.debug_loclists
                0x00000000      0x57d
 .debug_loclists
                0x00000000       0x14 malloc_test.o
 .debug_loclists
                0x00000014       0x38 libc.a(init.o)
 .debug_loclists
                0x0000004c       0xc0 libc.a(stdio.o)
 .debug_loclists
                0x0000010c      0x3d8 libc.a(console.o)
 .debug_loclists
                0x000004e4       0x99 libc.a(console_kernel.o)

.debug_line_str
                0x00000000      0x171
 .debug_line_str
                0x00000000      0x171 malloc_test.o
                                0x110 (size before relaxing)
 .debug_line_str
                0x00000171       0x77 libc.a(start.o)
 .debug_line_str
                0x00000171      0x118 libc.a(init.o)
 .debug_line_str
                0x00000171      0x105 libc.a(mem_alloc.o)
 .debug_line_str
                0x00000171      0x174 libc.a(stdio.o)
 .debug_line_str
                0x00000171      0x14a libc.a(console.o)
 .debug_line_str
                0x00000171      0x169 libc.a(console_kernel.o)

.debug_rnglists
                0x00000000       0x41
 .debug_rnglists
                0x00000000       0x1a libc.a(stdio.o)
 .debug_rnglists
                0x0000001a       0x27 libc.a(console.o)
